// Jest Snapshot v1, https://goo.gl/fbAQLP

exports[`Unit testing for Calendar Nav unconnected component snapshot test for the CalendarNavBar component 1`] = `[Function]`;
